=== AutoLog Test Log ===
Fecha     : 11/4/2026, 01:21:45
Caso      : CP-TA-03 | /taller/form-orden muestra formulario para crear nueva OT
Archivo   : C:\Personal Tomi\Programación\Autolog Final\Autolog\PRUEBAS\playwright\tests\taller.spec.js
Estado    : FAILED
Duración  : 5465ms
Reintentos: 0

--- ERROR ---
Error: [2mexpect([22m[31mlocator[39m[2m).[22mtoBeVisible[2m([22m[2m)[22m failed

Locator: getByText(/descripción|vehículo|patente|turno|fecha/i)
Expected: visible
Error: strict mode violation: getByText(/descripción|vehículo|patente|turno|fecha/i) resolved to 5 elements:
    1) <span>Vehículos</span> aka getByRole('link', { name: ' Vehículos' })
    2) <span>Agenda de turnos</span> aka getByRole('link', { name: ' Agenda de turnos' })
    3) <label _ngcontent-ng-c2370545198="" class="block text-gray-700 text-sm font-semibold mb-2"> Vehículo </label> aka getByText('Vehículo', { exact: true })
    4) <label _ngcontent-ng-c2370545198="" class="block text-gray-700 text-sm font-semibold mb-2"> Fecha y hora turno </label> aka getByText('Fecha y hora turno')
    5) <label _ngcontent-ng-c2370545198="" class="block text-gray-700 text-sm font-semibold mb-2"> Fecha de entrega </label> aka getByText('Fecha de entrega')

Call log:
[2m  - Expect "toBeVisible" with timeout 5000ms[22m
[2m  - waiting for getByText(/descripción|vehículo|patente|turno|fecha/i)[22m

--- STACK ---
Error: [2mexpect([22m[31mlocator[39m[2m).[22mtoBeVisible[2m([22m[2m)[22m failed

Locator: getByText(/descripción|vehículo|patente|turno|fecha/i)
Expected: visible
Error: strict mode violation: getByText(/descripción|vehículo|patente|turno|fecha/i) resolved to 5 elements:
    1) <span>Vehículos</span> aka getByRole('link', { name: ' Vehículos' })
    2) <span>Agenda de turnos</span> aka getByRole('link', { name: ' Agenda de turnos' })
    3) <label _ngcontent-ng-c2370545198="" class="block text-gray-700 text-sm font-semibold mb-2"> Vehículo </label> aka getByText('Vehículo', { exact: true })
    4) <label _ngcontent-ng-c2370545198="" class="block text-gray-700 text-sm font-semibold mb-2"> Fecha y hora turno </label> aka getByText('Fecha y hora turno')
    5) <label _ngcontent-ng-c2370545198="" class="block text-gray-700 text-sm font-semibold mb-2"> Fecha de entrega </label> aka getByText('Fecha de entrega')

Call log:
[2m  - Expect "toBeVisible" with timeout 5000ms[22m
[2m  - waiting for getByText(/descripción|vehículo|patente|turno|fecha/i)[22m

    at C:\Personal Tomi\Programación\Autolog Final\Autolog\PRUEBAS\playwright\tests\taller.spec.js:56:7
--- ADJUNTOS ---
  [image/png] screenshot: C:\Personal Tomi\Programación\Autolog Final\Autolog\PRUEBAS\logs\artifacts\taller-OT-—-Órdenes-de-tra-bd5c7-mulario-para-crear-nueva-OT-chromium\test-failed-1.png
  [video/webm] video: C:\Personal Tomi\Programación\Autolog Final\Autolog\PRUEBAS\logs\artifacts\taller-OT-—-Órdenes-de-tra-bd5c7-mulario-para-crear-nueva-OT-chromium\video.webm
  [text/markdown] error-context: C:\Personal Tomi\Programación\Autolog Final\Autolog\PRUEBAS\logs\artifacts\taller-OT-—-Órdenes-de-tra-bd5c7-mulario-para-crear-nueva-OT-chromium\error-context.md
  [application/zip] trace: C:\Personal Tomi\Programación\Autolog Final\Autolog\PRUEBAS\logs\artifacts\taller-OT-—-Órdenes-de-tra-bd5c7-mulario-para-crear-nueva-OT-chromium\trace.zip
